core_cm0plus.h:741:22:__NVIC_EnableIRQ	16	static
core_cm0plus.h:848:22:__NVIC_SetPriority	24	static
System.c:18:6:Update_WatchDog	8	static
System.c:21:6:System_Init	8	static
System.c:32:6:Display_zero	8	static
System.c:49:6:Normal_Mode	16	static
System.c:78:6:System_Timer_Init	8	static
System.c:91:6:TIM3_IRQHandler	16	static
System.c:108:6:Display_Number	16	static
System.c:132:6:Number_Find	40	static
System.c:166:6:System_Segment_Init	8	static
System.c:205:6:System_Number1	8	static
System.c:208:6:System_Number2	8	static
System.c:212:6:System_Number3	8	static
System.c:216:6:System_Number4	8	static
System.c:220:6:System_Number5	8	static
System.c:224:6:System_Number6	8	static
System.c:228:6:System_Number7	8	static
System.c:232:6:System_Number8	8	static
System.c:235:6:System_Number9	8	static
System.c:238:6:System_Number0	8	static
System.c:241:6:System_D_Reset	8	static
System.c:246:6:System_D1	8	static
System.c:249:6:System_D2	8	static
System.c:252:6:System_D3	8	static
System.c:255:6:System_D4	8	static
System.c:258:6:System_LED_Init	8	static
System.c:267:6:System_LED_Toggle	8	static
System.c:271:6:System_LED_Set	8	static
System.c:274:6:System_LED_Reset	8	static
System.c:280:6:System_Button_Init	8	static
System.c:288:5:System_Button_read	8	static
System.c:295:6:Delay	16	static
