core_cm0plus.h:741:22:__NVIC_EnableIRQ	16	static
core_cm0plus.h:848:22:__NVIC_SetPriority	24	static
System.c:20:6:System_Init	8	static
System.c:28:6:System_Timer_Init	8	static
System.c:58:6:TIM3_IRQHandler	8	static
System.c:78:6:System_Alternate_LED_Init	8	static
System.c:90:6:System_LED_Toggle	8	static
System.c:94:6:System_LED_Set	8	static
System.c:97:6:System_LED_Reset	8	static
System.c:103:6:System_Button_Init	8	static
System.c:111:5:System_Button_read	8	static
System.c:118:6:Delay	16	static
