core_cm0plus.h:848:22:__NVIC_SetPriority	24	static
core_cm0plus.h:1054:26:SysTick_Config	16	static
System.c:18:6:Delay_ms	16	static
System.c:22:6:SysTick_Handler	8	static
System.c:29:6:System_Init	8	static
System.c:36:6:System_LED_Init	8	static
System.c:45:6:System_LED_Toggle	8	static
System.c:49:6:System_LED_Set	8	static
System.c:52:6:System_LED_Reset	8	static
System.c:56:6:System_Button_Init	8	static
System.c:62:6:USART2_IRQHandler	16	static
System.c:68:6:uart_tx	16	static
System.c:84:9:uart_rx	16	static
System.c:101:6:UART_Init	16	static
System.c:131:5:_write	32	static
System.c:138:6:print	24	static
System.c:143:6:printchar	16	static
System.c:148:5:System_Button_read	8	static
