SSD.c:11:6:Display_zero	8	static
SSD.c:29:6:Display_Number	16	static
SSD.c:57:6:Number_Find	40	static
SSD.c:92:6:System_Segment_Init	8	static
SSD.c:137:6:System_Number1	8	static
SSD.c:140:6:System_Number2	8	static
SSD.c:144:6:System_Number3	8	static
SSD.c:148:6:System_Number4	8	static
SSD.c:152:6:System_Number5	8	static
SSD.c:156:6:System_Number6	8	static
SSD.c:160:6:System_Number7	8	static
SSD.c:164:6:System_Number8	8	static
SSD.c:167:6:System_Number9	8	static
SSD.c:170:6:System_Number0	8	static
SSD.c:175:6:System_D1	8	static
SSD.c:181:6:System_D2	8	static
SSD.c:187:6:System_D3	8	static
SSD.c:193:6:System_D4	8	static
SSD.c:199:6:SSD_Reset	8	static
SSD.c:205:6:System_Decimal_Set	8	static
SSD.c:208:6:System_Decimal_Reset	8	static
